/usr/share/java/jdesktop.jar
/usr/bin/jdesktop
/usr/bin/jdesktop-run
/usr/bin/jdesktop-vol
/usr/bin/jdesktop-show
/etc/jdesktop/openbox.xml
/etc/jdesktop/openbox-menu.xml
/usr/share/xsessions/jdesktop.desktop
/usr/share/jhelp/jdesktop.html
/usr/share/icons/hicolor/48x48/apps/jdesktop-arrow.png
/usr/share/icons/hicolor/48x48/apps/jdesktop-battery.png
/usr/share/icons/hicolor/48x48/apps/jdesktop-config.png
/usr/share/icons/hicolor/48x48/apps/jdesktop-file.png
/usr/share/icons/hicolor/48x48/apps/jdesktop-folder.png
/usr/share/icons/hicolor/48x48/apps/jdesktop-home.png
/usr/share/icons/hicolor/48x48/apps/jdesktop-keyboard-down.png
/usr/share/icons/hicolor/48x48/apps/jdesktop-keyboard.png
/usr/share/icons/hicolor/48x48/apps/jdesktop-left.png
/usr/share/icons/hicolor/48x48/apps/jdesktop-network.png
/usr/share/icons/hicolor/48x48/apps/jdesktop-plug.png
/usr/share/icons/hicolor/48x48/apps/jdesktop-plus.png
/usr/share/icons/hicolor/48x48/apps/jdesktop-power.png
/usr/share/icons/hicolor/48x48/apps/jdesktop-right.png
/usr/share/icons/hicolor/48x48/apps/jdesktop-sound.png
/usr/share/icons/hicolor/48x48/apps/jdesktop-star.png
/usr/share/icons/hicolor/48x48/apps/jdesktop-trash-empty.png
/usr/share/icons/hicolor/48x48/apps/jdesktop-trash-full.png
/usr/share/icons/hicolor/48x48/apps/Stripes.jpg
